18:17:45 INFO    yc-oss API last updated: 2026-08-16T00:43:35.040Z
18:17:45 INFO    Target batches (12): summer-2023, winter-2024, summer-2024, fall-2024, winter-2025, spring-2025, summer-2025, fall-2025, winter-2026, spring-2026, summer-2026, fall-2026
18:17:46 INFO    Batch summer-2023    -> 220 companies
18:17:46 INFO    Batch winter-2024    -> 248 companies
18:17:46 INFO    Batch summer-2024    -> 248 companies
18:17:46 INFO    Batch fall-2024      -> 94 companies
18:17:46 INFO    Batch winter-2025    -> 167 companies
18:17:46 INFO    Batch spring-2025    -> 143 companies
18:17:46 INFO    Batch summer-2025    -> 166 companies
18:17:46 INFO    Batch fall-2025      -> 146 companies
18:17:46 INFO    Batch winter-2026    -> 198 companies
18:17:47 INFO    Batch spring-2026    -> 196 companies
18:17:47 INFO    Batch summer-2026    -> 229 companies
18:17:47 INFO    Batch fall-2026      -> 14 companies
18:17:47 INFO    Total companies to process: 2069
18:17:47 INFO    Already done: 0 | Remaining: 2069
18:17:47 INFO    Estimated runtime for remaining companies: ~83 min
18:17:47 INFO    [1/2069] cercli (Summer 2023)
18:17:47 INFO      cercli                           2 founder(s), 2 with LinkedIn
18:17:50 INFO    [2/2069] yn (Summer 2023)
18:17:50 INFO      yn                               2 founder(s), 2 with LinkedIn
18:17:52 INFO    [3/2069] hockeystack (Summer 2023)
18:17:52 INFO      hockeystack                      3 founder(s), 3 with LinkedIn
18:17:54 INFO    [4/2069] hylight (Summer 2023)
18:17:54 INFO      hylight                          3 founder(s), 3 with LinkedIn
18:17:55 INFO    [5/2069] artie (Summer 2023)
18:17:56 INFO      artie                            2 founder(s), 2 with LinkedIn
18:17:58 INFO    [6/2069] peerdb (Summer 2023)
18:17:58 INFO      peerdb                           2 founder(s), 2 with LinkedIn
18:18:00 INFO    [7/2069] tremor (Summer 2023)
18:18:01 INFO      tremor                           2 founder(s), 2 with LinkedIn
18:18:03 INFO    [8/2069] kapa-ai (Summer 2023)
18:18:03 INFO      kapa-ai                          2 founder(s), 2 with LinkedIn
18:18:05 INFO    [9/2069] kino-ai (Summer 2023)
18:18:05 INFO      kino-ai                          1 founder(s), 1 with LinkedIn
18:18:07 INFO    [10/2069] leafpress (Summer 2023)
18:18:07 INFO      leafpress                        2 founder(s), 2 with LinkedIn
18:18:09 INFO    [11/2069] reworkd (Summer 2023)
18:18:10 INFO      reworkd                          1 founder(s), 1 with LinkedIn
18:18:11 INFO    [12/2069] nectar (Summer 2023)
18:18:11 INFO      nectar                           2 founder(s), 2 with LinkedIn
